MPLINK 5.09, LINKER
Linker Map File - Created Sat Oct 30 17:43:42 2021

                                 Section Info
                  Section       Type    Address   Location Size(Bytes)
                ---------  ---------  ---------  ---------  ---------
                 RES_VECT       code   0x000000    program   0x000002
                   .cinit    romdata   0x000001    program   0x000004
                MAIN_PROG       code   0x000003    program   0x0006b8
.config_2007_BUILD/DEFAULT/PRODUCTION/EXAMEN2       code   0x002007    program   0x000002
.config_2008_BUILD/DEFAULT/PRODUCTION/EXAMEN2       code   0x002008    program   0x000002



                              Program Memory Usage 
                               Start         End      
                           ---------   ---------      
                            0x000000    0x00035e      
                            0x002007    0x002008      
            865 out of 8455 program addresses used, program memory utilization is 10%



                              Symbols - Sorted by Name
                     Name    Address   Location    Storage File                     
                ---------  ---------  ---------  --------- ---------                
                      AST   0x00022d    program     static C:\Users\jairo\OneDrive\Escritorio\7 Semestre\Microcontroladores\Examen2\Examen2.X\examen2.asm
                    CINCO   0x0001eb    program     static C:\Users\jairo\OneDrive\Escritorio\7 Semestre\Microcontroladores\Examen2\Examen2.X\examen2.asm
                    CLAVE   0x000114    program     static C:\Users\jairo\OneDrive\Escritorio\7 Semestre\Microcontroladores\Examen2\Examen2.X\examen2.asm
                     COMP   0x00025c    program     static C:\Users\jairo\OneDrive\Escritorio\7 Semestre\Microcontroladores\Examen2\Examen2.X\examen2.asm
                   CUATRO   0x0001e2    program     static C:\Users\jairo\OneDrive\Escritorio\7 Semestre\Microcontroladores\Examen2\Examen2.X\examen2.asm
                  DELAY5S   0x00034c    program     static C:\Users\jairo\OneDrive\Escritorio\7 Semestre\Microcontroladores\Examen2\Examen2.X\examen2.asm
                 DENEGADO   0x0002da    program     static C:\Users\jairo\OneDrive\Escritorio\7 Semestre\Microcontroladores\Examen2\Examen2.X\examen2.asm
                DENEGADO1   0x0002db    program     static C:\Users\jairo\OneDrive\Escritorio\7 Semestre\Microcontroladores\Examen2\Examen2.X\examen2.asm
                      DOS   0x0001d0    program     static C:\Users\jairo\OneDrive\Escritorio\7 Semestre\Microcontroladores\Examen2\Examen2.X\examen2.asm
                    ENTRY   0x000141    program     static C:\Users\jairo\OneDrive\Escritorio\7 Semestre\Microcontroladores\Examen2\Examen2.X\examen2.asm
                  ERRONEO   0x00022e    program     static C:\Users\jairo\OneDrive\Escritorio\7 Semestre\Microcontroladores\Examen2\Examen2.X\examen2.asm
                     FLEX   0x000049    program     static C:\Users\jairo\OneDrive\Escritorio\7 Semestre\Microcontroladores\Examen2\Examen2.X\examen2.asm
                     GATO   0x000221    program     static C:\Users\jairo\OneDrive\Escritorio\7 Semestre\Microcontroladores\Examen2\Examen2.X\examen2.asm
                 GUARDADO   0x00016b    program     static C:\Users\jairo\OneDrive\Escritorio\7 Semestre\Microcontroladores\Examen2\Examen2.X\examen2.asm
                   INICIO   0x000046    program     static C:\Users\jairo\OneDrive\Escritorio\7 Semestre\Microcontroladores\Examen2\Examen2.X\examen2.asm
                  INITLCD   0x00002f    program     static C:\Users\jairo\OneDrive\Escritorio\7 Semestre\Microcontroladores\Examen2\Examen2.X\examen2.asm
                   LCDPOS   0x000321    program     static C:\Users\jairo\OneDrive\Escritorio\7 Semestre\Microcontroladores\Examen2\Examen2.X\examen2.asm
                    NUEVE   0x00020f    program     static C:\Users\jairo\OneDrive\Escritorio\7 Semestre\Microcontroladores\Examen2\Examen2.X\examen2.asm
                     OCHO   0x000206    program     static C:\Users\jairo\OneDrive\Escritorio\7 Semestre\Microcontroladores\Examen2\Examen2.X\examen2.asm
                  OCULTAR   0x0000f5    program     static C:\Users\jairo\OneDrive\Escritorio\7 Semestre\Microcontroladores\Examen2\Examen2.X\examen2.asm
                      OPC   0x000258    program     static C:\Users\jairo\OneDrive\Escritorio\7 Semestre\Microcontroladores\Examen2\Examen2.X\examen2.asm
                PANTALLA1   0x00004c    program     static C:\Users\jairo\OneDrive\Escritorio\7 Semestre\Microcontroladores\Examen2\Examen2.X\examen2.asm
                 PASSWORD   0x0000cf    program     static C:\Users\jairo\OneDrive\Escritorio\7 Semestre\Microcontroladores\Examen2\Examen2.X\examen2.asm
                PERMITIDO   0x000286    program     static C:\Users\jairo\OneDrive\Escritorio\7 Semestre\Microcontroladores\Examen2\Examen2.X\examen2.asm
               PERMITIDO2   0x000287    program     static C:\Users\jairo\OneDrive\Escritorio\7 Semestre\Microcontroladores\Examen2\Examen2.X\examen2.asm
                     POS1   0x000131    program     static C:\Users\jairo\OneDrive\Escritorio\7 Semestre\Microcontroladores\Examen2\Examen2.X\examen2.asm
                     POS2   0x000139    program     static C:\Users\jairo\OneDrive\Escritorio\7 Semestre\Microcontroladores\Examen2\Examen2.X\examen2.asm
                     SCAN   0x000195    program     static C:\Users\jairo\OneDrive\Escritorio\7 Semestre\Microcontroladores\Examen2\Examen2.X\examen2.asm
                     SEIS   0x0001f4    program     static C:\Users\jairo\OneDrive\Escritorio\7 Semestre\Microcontroladores\Examen2\Examen2.X\examen2.asm
                    SIETE   0x0001fd    program     static C:\Users\jairo\OneDrive\Escritorio\7 Semestre\Microcontroladores\Examen2\Examen2.X\examen2.asm
                    START   0x000003    program     static C:\Users\jairo\OneDrive\Escritorio\7 Semestre\Microcontroladores\Examen2\Examen2.X\examen2.asm
                     TRES   0x0001d9    program     static C:\Users\jairo\OneDrive\Escritorio\7 Semestre\Microcontroladores\Examen2\Examen2.X\examen2.asm
                      UNO   0x0001c7    program     static C:\Users\jairo\OneDrive\Escritorio\7 Semestre\Microcontroladores\Examen2\Examen2.X\examen2.asm
                     ZERO   0x000218    program     static C:\Users\jairo\OneDrive\Escritorio\7 Semestre\Microcontroladores\Examen2\Examen2.X\examen2.asm
          _MAIN_PROG_0141   0x000144    program     static C:\Users\jairo\OneDrive\Escritorio\7 Semestre\Microcontroladores\Examen2\Examen2.X\examen2.asm
          _MAIN_PROG_0146   0x000149    program     static C:\Users\jairo\OneDrive\Escritorio\7 Semestre\Microcontroladores\Examen2\Examen2.X\examen2.asm
          _MAIN_PROG_014B   0x00014e    program     static C:\Users\jairo\OneDrive\Escritorio\7 Semestre\Microcontroladores\Examen2\Examen2.X\examen2.asm
          _MAIN_PROG_0150   0x000153    program     static C:\Users\jairo\OneDrive\Escritorio\7 Semestre\Microcontroladores\Examen2\Examen2.X\examen2.asm
          _MAIN_PROG_0155   0x000158    program     static C:\Users\jairo\OneDrive\Escritorio\7 Semestre\Microcontroladores\Examen2\Examen2.X\examen2.asm
          _MAIN_PROG_015A   0x00015d    program     static C:\Users\jairo\OneDrive\Escritorio\7 Semestre\Microcontroladores\Examen2\Examen2.X\examen2.asm
          _MAIN_PROG_015F   0x000162    program     static C:\Users\jairo\OneDrive\Escritorio\7 Semestre\Microcontroladores\Examen2\Examen2.X\examen2.asm
          _MAIN_PROG_0164   0x000167    program     static C:\Users\jairo\OneDrive\Escritorio\7 Semestre\Microcontroladores\Examen2\Examen2.X\examen2.asm
          _MAIN_PROG_016B   0x00016e    program     static C:\Users\jairo\OneDrive\Escritorio\7 Semestre\Microcontroladores\Examen2\Examen2.X\examen2.asm
          _MAIN_PROG_0170   0x000173    program     static C:\Users\jairo\OneDrive\Escritorio\7 Semestre\Microcontroladores\Examen2\Examen2.X\examen2.asm
          _MAIN_PROG_0175   0x000178    program     static C:\Users\jairo\OneDrive\Escritorio\7 Semestre\Microcontroladores\Examen2\Examen2.X\examen2.asm
          _MAIN_PROG_017A   0x00017d    program     static C:\Users\jairo\OneDrive\Escritorio\7 Semestre\Microcontroladores\Examen2\Examen2.X\examen2.asm
          _MAIN_PROG_017F   0x000182    program     static C:\Users\jairo\OneDrive\Escritorio\7 Semestre\Microcontroladores\Examen2\Examen2.X\examen2.asm
          _MAIN_PROG_0184   0x000187    program     static C:\Users\jairo\OneDrive\Escritorio\7 Semestre\Microcontroladores\Examen2\Examen2.X\examen2.asm
          _MAIN_PROG_0189   0x00018c    program     static C:\Users\jairo\OneDrive\Escritorio\7 Semestre\Microcontroladores\Examen2\Examen2.X\examen2.asm
          _MAIN_PROG_018E   0x000191    program     static C:\Users\jairo\OneDrive\Escritorio\7 Semestre\Microcontroladores\Examen2\Examen2.X\examen2.asm
          _MAIN_PROG_01CB   0x0001ce    program     static C:\Users\jairo\OneDrive\Escritorio\7 Semestre\Microcontroladores\Examen2\Examen2.X\examen2.asm
          _MAIN_PROG_01D4   0x0001d7    program     static C:\Users\jairo\OneDrive\Escritorio\7 Semestre\Microcontroladores\Examen2\Examen2.X\examen2.asm
          _MAIN_PROG_01DD   0x0001e0    program     static C:\Users\jairo\OneDrive\Escritorio\7 Semestre\Microcontroladores\Examen2\Examen2.X\examen2.asm
          _MAIN_PROG_01E6   0x0001e9    program     static C:\Users\jairo\OneDrive\Escritorio\7 Semestre\Microcontroladores\Examen2\Examen2.X\examen2.asm
          _MAIN_PROG_01EF   0x0001f2    program     static C:\Users\jairo\OneDrive\Escritorio\7 Semestre\Microcontroladores\Examen2\Examen2.X\examen2.asm
          _MAIN_PROG_01F8   0x0001fb    program     static C:\Users\jairo\OneDrive\Escritorio\7 Semestre\Microcontroladores\Examen2\Examen2.X\examen2.asm
          _MAIN_PROG_0201   0x000204    program     static C:\Users\jairo\OneDrive\Escritorio\7 Semestre\Microcontroladores\Examen2\Examen2.X\examen2.asm
          _MAIN_PROG_020A   0x00020d    program     static C:\Users\jairo\OneDrive\Escritorio\7 Semestre\Microcontroladores\Examen2\Examen2.X\examen2.asm
          _MAIN_PROG_0213   0x000216    program     static C:\Users\jairo\OneDrive\Escritorio\7 Semestre\Microcontroladores\Examen2\Examen2.X\examen2.asm
          _MAIN_PROG_021C   0x00021f    program     static C:\Users\jairo\OneDrive\Escritorio\7 Semestre\Microcontroladores\Examen2\Examen2.X\examen2.asm
          _MAIN_PROG_0331   0x000334    program     static C:\Users\jairo\OneDrive\Escritorio\7 Semestre\Microcontroladores\Examen2\Examen2.X\examen2.asm
                    ciclo   0x000331    program     static C:\Users\jairo\OneDrive\Escritorio\7 Semestre\Microcontroladores\Examen2\Examen2.X\examen2.asm
                    clear   0x000338    program     static C:\Users\jairo\OneDrive\Escritorio\7 Semestre\Microcontroladores\Examen2\Examen2.X\examen2.asm
                     exec   0x000329    program     static C:\Users\jairo\OneDrive\Escritorio\7 Semestre\Microcontroladores\Examen2\Examen2.X\examen2.asm
                     hide   0x000254    program     static C:\Users\jairo\OneDrive\Escritorio\7 Semestre\Microcontroladores\Examen2\Examen2.X\examen2.asm
                    iloop   0x000352    program     static C:\Users\jairo\OneDrive\Escritorio\7 Semestre\Microcontroladores\Examen2\Examen2.X\examen2.asm
                    jloop   0x000355    program     static C:\Users\jairo\OneDrive\Escritorio\7 Semestre\Microcontroladores\Examen2\Examen2.X\examen2.asm
                    kloop   0x000358    program     static C:\Users\jairo\OneDrive\Escritorio\7 Semestre\Microcontroladores\Examen2\Examen2.X\examen2.asm
                    mloop   0x00034e    program     static C:\Users\jairo\OneDrive\Escritorio\7 Semestre\Microcontroladores\Examen2\Examen2.X\examen2.asm
                    reset   0x00024e    program     static C:\Users\jairo\OneDrive\Escritorio\7 Semestre\Microcontroladores\Examen2\Examen2.X\examen2.asm
                     time   0x00032e    program     static C:\Users\jairo\OneDrive\Escritorio\7 Semestre\Microcontroladores\Examen2\Examen2.X\examen2.asm



                              Symbols - Sorted by Address
                     Name    Address   Location    Storage File                     
                ---------  ---------  ---------  --------- ---------                
                    START   0x000003    program     static C:\Users\jairo\OneDrive\Escritorio\7 Semestre\Microcontroladores\Examen2\Examen2.X\examen2.asm
                  INITLCD   0x00002f    program     static C:\Users\jairo\OneDrive\Escritorio\7 Semestre\Microcontroladores\Examen2\Examen2.X\examen2.asm
                   INICIO   0x000046    program     static C:\Users\jairo\OneDrive\Escritorio\7 Semestre\Microcontroladores\Examen2\Examen2.X\examen2.asm
                     FLEX   0x000049    program     static C:\Users\jairo\OneDrive\Escritorio\7 Semestre\Microcontroladores\Examen2\Examen2.X\examen2.asm
                PANTALLA1   0x00004c    program     static C:\Users\jairo\OneDrive\Escritorio\7 Semestre\Microcontroladores\Examen2\Examen2.X\examen2.asm
                 PASSWORD   0x0000cf    program     static C:\Users\jairo\OneDrive\Escritorio\7 Semestre\Microcontroladores\Examen2\Examen2.X\examen2.asm
                  OCULTAR   0x0000f5    program     static C:\Users\jairo\OneDrive\Escritorio\7 Semestre\Microcontroladores\Examen2\Examen2.X\examen2.asm
                    CLAVE   0x000114    program     static C:\Users\jairo\OneDrive\Escritorio\7 Semestre\Microcontroladores\Examen2\Examen2.X\examen2.asm
                     POS1   0x000131    program     static C:\Users\jairo\OneDrive\Escritorio\7 Semestre\Microcontroladores\Examen2\Examen2.X\examen2.asm
                     POS2   0x000139    program     static C:\Users\jairo\OneDrive\Escritorio\7 Semestre\Microcontroladores\Examen2\Examen2.X\examen2.asm
                    ENTRY   0x000141    program     static C:\Users\jairo\OneDrive\Escritorio\7 Semestre\Microcontroladores\Examen2\Examen2.X\examen2.asm
          _MAIN_PROG_0141   0x000144    program     static C:\Users\jairo\OneDrive\Escritorio\7 Semestre\Microcontroladores\Examen2\Examen2.X\examen2.asm
          _MAIN_PROG_0146   0x000149    program     static C:\Users\jairo\OneDrive\Escritorio\7 Semestre\Microcontroladores\Examen2\Examen2.X\examen2.asm
          _MAIN_PROG_014B   0x00014e    program     static C:\Users\jairo\OneDrive\Escritorio\7 Semestre\Microcontroladores\Examen2\Examen2.X\examen2.asm
          _MAIN_PROG_0150   0x000153    program     static C:\Users\jairo\OneDrive\Escritorio\7 Semestre\Microcontroladores\Examen2\Examen2.X\examen2.asm
          _MAIN_PROG_0155   0x000158    program     static C:\Users\jairo\OneDrive\Escritorio\7 Semestre\Microcontroladores\Examen2\Examen2.X\examen2.asm
          _MAIN_PROG_015A   0x00015d    program     static C:\Users\jairo\OneDrive\Escritorio\7 Semestre\Microcontroladores\Examen2\Examen2.X\examen2.asm
          _MAIN_PROG_015F   0x000162    program     static C:\Users\jairo\OneDrive\Escritorio\7 Semestre\Microcontroladores\Examen2\Examen2.X\examen2.asm
          _MAIN_PROG_0164   0x000167    program     static C:\Users\jairo\OneDrive\Escritorio\7 Semestre\Microcontroladores\Examen2\Examen2.X\examen2.asm
                 GUARDADO   0x00016b    program     static C:\Users\jairo\OneDrive\Escritorio\7 Semestre\Microcontroladores\Examen2\Examen2.X\examen2.asm
          _MAIN_PROG_016B   0x00016e    program     static C:\Users\jairo\OneDrive\Escritorio\7 Semestre\Microcontroladores\Examen2\Examen2.X\examen2.asm
          _MAIN_PROG_0170   0x000173    program     static C:\Users\jairo\OneDrive\Escritorio\7 Semestre\Microcontroladores\Examen2\Examen2.X\examen2.asm
          _MAIN_PROG_0175   0x000178    program     static C:\Users\jairo\OneDrive\Escritorio\7 Semestre\Microcontroladores\Examen2\Examen2.X\examen2.asm
          _MAIN_PROG_017A   0x00017d    program     static C:\Users\jairo\OneDrive\Escritorio\7 Semestre\Microcontroladores\Examen2\Examen2.X\examen2.asm
          _MAIN_PROG_017F   0x000182    program     static C:\Users\jairo\OneDrive\Escritorio\7 Semestre\Microcontroladores\Examen2\Examen2.X\examen2.asm
          _MAIN_PROG_0184   0x000187    program     static C:\Users\jairo\OneDrive\Escritorio\7 Semestre\Microcontroladores\Examen2\Examen2.X\examen2.asm
          _MAIN_PROG_0189   0x00018c    program     static C:\Users\jairo\OneDrive\Escritorio\7 Semestre\Microcontroladores\Examen2\Examen2.X\examen2.asm
          _MAIN_PROG_018E   0x000191    program     static C:\Users\jairo\OneDrive\Escritorio\7 Semestre\Microcontroladores\Examen2\Examen2.X\examen2.asm
                     SCAN   0x000195    program     static C:\Users\jairo\OneDrive\Escritorio\7 Semestre\Microcontroladores\Examen2\Examen2.X\examen2.asm
                      UNO   0x0001c7    program     static C:\Users\jairo\OneDrive\Escritorio\7 Semestre\Microcontroladores\Examen2\Examen2.X\examen2.asm
          _MAIN_PROG_01CB   0x0001ce    program     static C:\Users\jairo\OneDrive\Escritorio\7 Semestre\Microcontroladores\Examen2\Examen2.X\examen2.asm
                      DOS   0x0001d0    program     static C:\Users\jairo\OneDrive\Escritorio\7 Semestre\Microcontroladores\Examen2\Examen2.X\examen2.asm
          _MAIN_PROG_01D4   0x0001d7    program     static C:\Users\jairo\OneDrive\Escritorio\7 Semestre\Microcontroladores\Examen2\Examen2.X\examen2.asm
                     TRES   0x0001d9    program     static C:\Users\jairo\OneDrive\Escritorio\7 Semestre\Microcontroladores\Examen2\Examen2.X\examen2.asm
          _MAIN_PROG_01DD   0x0001e0    program     static C:\Users\jairo\OneDrive\Escritorio\7 Semestre\Microcontroladores\Examen2\Examen2.X\examen2.asm
                   CUATRO   0x0001e2    program     static C:\Users\jairo\OneDrive\Escritorio\7 Semestre\Microcontroladores\Examen2\Examen2.X\examen2.asm
          _MAIN_PROG_01E6   0x0001e9    program     static C:\Users\jairo\OneDrive\Escritorio\7 Semestre\Microcontroladores\Examen2\Examen2.X\examen2.asm
                    CINCO   0x0001eb    program     static C:\Users\jairo\OneDrive\Escritorio\7 Semestre\Microcontroladores\Examen2\Examen2.X\examen2.asm
          _MAIN_PROG_01EF   0x0001f2    program     static C:\Users\jairo\OneDrive\Escritorio\7 Semestre\Microcontroladores\Examen2\Examen2.X\examen2.asm
                     SEIS   0x0001f4    program     static C:\Users\jairo\OneDrive\Escritorio\7 Semestre\Microcontroladores\Examen2\Examen2.X\examen2.asm
          _MAIN_PROG_01F8   0x0001fb    program     static C:\Users\jairo\OneDrive\Escritorio\7 Semestre\Microcontroladores\Examen2\Examen2.X\examen2.asm
                    SIETE   0x0001fd    program     static C:\Users\jairo\OneDrive\Escritorio\7 Semestre\Microcontroladores\Examen2\Examen2.X\examen2.asm
          _MAIN_PROG_0201   0x000204    program     static C:\Users\jairo\OneDrive\Escritorio\7 Semestre\Microcontroladores\Examen2\Examen2.X\examen2.asm
                     OCHO   0x000206    program     static C:\Users\jairo\OneDrive\Escritorio\7 Semestre\Microcontroladores\Examen2\Examen2.X\examen2.asm
          _MAIN_PROG_020A   0x00020d    program     static C:\Users\jairo\OneDrive\Escritorio\7 Semestre\Microcontroladores\Examen2\Examen2.X\examen2.asm
                    NUEVE   0x00020f    program     static C:\Users\jairo\OneDrive\Escritorio\7 Semestre\Microcontroladores\Examen2\Examen2.X\examen2.asm
          _MAIN_PROG_0213   0x000216    program     static C:\Users\jairo\OneDrive\Escritorio\7 Semestre\Microcontroladores\Examen2\Examen2.X\examen2.asm
                     ZERO   0x000218    program     static C:\Users\jairo\OneDrive\Escritorio\7 Semestre\Microcontroladores\Examen2\Examen2.X\examen2.asm
          _MAIN_PROG_021C   0x00021f    program     static C:\Users\jairo\OneDrive\Escritorio\7 Semestre\Microcontroladores\Examen2\Examen2.X\examen2.asm
                     GATO   0x000221    program     static C:\Users\jairo\OneDrive\Escritorio\7 Semestre\Microcontroladores\Examen2\Examen2.X\examen2.asm
                      AST   0x00022d    program     static C:\Users\jairo\OneDrive\Escritorio\7 Semestre\Microcontroladores\Examen2\Examen2.X\examen2.asm
                  ERRONEO   0x00022e    program     static C:\Users\jairo\OneDrive\Escritorio\7 Semestre\Microcontroladores\Examen2\Examen2.X\examen2.asm
                    reset   0x00024e    program     static C:\Users\jairo\OneDrive\Escritorio\7 Semestre\Microcontroladores\Examen2\Examen2.X\examen2.asm
                     hide   0x000254    program     static C:\Users\jairo\OneDrive\Escritorio\7 Semestre\Microcontroladores\Examen2\Examen2.X\examen2.asm
                      OPC   0x000258    program     static C:\Users\jairo\OneDrive\Escritorio\7 Semestre\Microcontroladores\Examen2\Examen2.X\examen2.asm
                     COMP   0x00025c    program     static C:\Users\jairo\OneDrive\Escritorio\7 Semestre\Microcontroladores\Examen2\Examen2.X\examen2.asm
                PERMITIDO   0x000286    program     static C:\Users\jairo\OneDrive\Escritorio\7 Semestre\Microcontroladores\Examen2\Examen2.X\examen2.asm
               PERMITIDO2   0x000287    program     static C:\Users\jairo\OneDrive\Escritorio\7 Semestre\Microcontroladores\Examen2\Examen2.X\examen2.asm
                 DENEGADO   0x0002da    program     static C:\Users\jairo\OneDrive\Escritorio\7 Semestre\Microcontroladores\Examen2\Examen2.X\examen2.asm
                DENEGADO1   0x0002db    program     static C:\Users\jairo\OneDrive\Escritorio\7 Semestre\Microcontroladores\Examen2\Examen2.X\examen2.asm
                   LCDPOS   0x000321    program     static C:\Users\jairo\OneDrive\Escritorio\7 Semestre\Microcontroladores\Examen2\Examen2.X\examen2.asm
                     exec   0x000329    program     static C:\Users\jairo\OneDrive\Escritorio\7 Semestre\Microcontroladores\Examen2\Examen2.X\examen2.asm
                     time   0x00032e    program     static C:\Users\jairo\OneDrive\Escritorio\7 Semestre\Microcontroladores\Examen2\Examen2.X\examen2.asm
                    ciclo   0x000331    program     static C:\Users\jairo\OneDrive\Escritorio\7 Semestre\Microcontroladores\Examen2\Examen2.X\examen2.asm
          _MAIN_PROG_0331   0x000334    program     static C:\Users\jairo\OneDrive\Escritorio\7 Semestre\Microcontroladores\Examen2\Examen2.X\examen2.asm
                    clear   0x000338    program     static C:\Users\jairo\OneDrive\Escritorio\7 Semestre\Microcontroladores\Examen2\Examen2.X\examen2.asm
                  DELAY5S   0x00034c    program     static C:\Users\jairo\OneDrive\Escritorio\7 Semestre\Microcontroladores\Examen2\Examen2.X\examen2.asm
                    mloop   0x00034e    program     static C:\Users\jairo\OneDrive\Escritorio\7 Semestre\Microcontroladores\Examen2\Examen2.X\examen2.asm
                    iloop   0x000352    program     static C:\Users\jairo\OneDrive\Escritorio\7 Semestre\Microcontroladores\Examen2\Examen2.X\examen2.asm
                    jloop   0x000355    program     static C:\Users\jairo\OneDrive\Escritorio\7 Semestre\Microcontroladores\Examen2\Examen2.X\examen2.asm
                    kloop   0x000358    program     static C:\Users\jairo\OneDrive\Escritorio\7 Semestre\Microcontroladores\Examen2\Examen2.X\examen2.asm


